Microchip MPLAB XC8 Compiler V2.10 ()

Linker command line:

-W-3 --edf=C:\Program Files (x86)\Microchip\xc8\v2.10\pic\dat\en_msgs.txt \
  -cs -h+dist/default/production\App2.X.production.sym \
  --cmf=dist/default/production\App2.X.production.cmf -z -Q18F45K22 \
  -oC:\Users\A50807\AppData\Local\Temp\s6bs.2 --defsym=__MPLAB_BUILD=1 \
  -Mdist/default/production/App2.X.production.map -E1 -ver=XC8 --acfsm=1493 \
  -ASTACK=0A0h-05FFh -pstack=STACK -ACODE=0500h-07FFDh,07FFFh-07FFFh \
  -ACONST=0500h-07FFDh,07FFFh-07FFFh \
  -ASMALLCONST=0600h-06FFhx121,07F00h-07FFDh,07FFFh-07FFFh \
  -AMEDIUMCONST=0600h-07FFDh,07FFFh-07FFFh -ACOMRAM=01h-05Fh \
  -AABS1=00h-05FFh -ABIGRAM=01h-05FFh -ARAM=060h-0FFh,0100h-01FFhx5 \
  -ABANK0=060h-0FFh -ABANK1=0100h-01FFh -ABANK2=0200h-02FFh \
  -ABANK3=0300h-03FFh -ABANK4=0400h-04FFh -ABANK5=0500h-05FFh \
  -ASFR=0F38h-0F5Fh,0F60h-0FFFh \
  -preset_vec=0500h,intcode=0508h,intcodelo,powerup,init -pramtop=0600h \
  -psmallconst=SMALLCONST -pmediumconst=MEDIUMCONST -pconst=CONST \
  -AFARRAM=00h-00h -ACONFIG=0300000h-030000Dh -pconfig=CONFIG \
  -AIDLOC=0200000h-0200007h -pidloc=IDLOC -AEEDATA=0F00000h-0F000FFh \
  -peeprom_data=EEDATA \
  -prdata=COMRAM,nvrram=COMRAM,nvbit=COMRAM,rbss=COMRAM,rbit=COMRAM \
  -pfarbss=FARRAM,fardata=FARRAM,nvFARRAM=FARRAM \
  -pintsave_regs=BIGRAM,bigbss=BIGRAM,bigdata=BIGRAM -pbss=RAM \
  -pidata=CODE,irdata=CODE,ibigdata=CODE,ifardata=CODE -pchecksum=07FFEh \
  -prparam=COMRAM C:\Users\A50807\AppData\Local\Temp\s6bs.o \
  dist/default/production\App2.X.production.o 

Object code version is 3.11

Machine type is 18F45K22

Call graph: (short form)




                Name                               Link     Load   Length Selector   Space Scale
C:\Users\A50807\AppData\Local\Temp\s6bs.o
                init                                53E      53E        4      284       0
                reset_vec                           500      500        4      280       0
                idloc                            200000   200000        8   200000       0
                config                           300000   300000        E   300000       0
dist/default/production\App2.X.production.o
                intcode                             508      508       36      284       0
                temp                                 3D       3D        1        1       1
                text15                              74C      74C       66      284       0
                text14                              8EA      8EA       38      284       0
                text12                              99E      99E       12      284       0
                text11                              958      958       34      284       0
                text10                              542      542      172      284       0
                text9                               6B4      6B4       98      284       0
                text8                               7F4      7F4       42      284       0
                text7                               9D2      9D2        4      284       0
                text6                               9B0      9B0        E      284       0
                text5                               836      836       3E      284       0
                text4                               9C8      9C8        A      284       0
                text3                               922      922       36      284       0
                text2                               98C      98C       12      284       0
                text1                               7B2      7B2       42      284       0
                text0                               8B0      8B0       3A      284       0
                cstackCOMRAM                          1        1       2D        1       1
                bssBANK0                             60       60       40       60       1
                dataCOMRAM                           2E       2E        A        1       1
                bssCOMRAM                            3C       3C        1        1       1
                cinit                               874      874       3C      284       0
                nvCOMRAM                             38       38        4        1       1
                idataCOMRAM                         9BE      9BE        A      284       0

TOTAL           Name                               Link     Load   Length     Space
        CLASS   STACK          

        CLASS   CODE           
                intcode                             508      508       36         0
                init                                53E      53E        4         0
                reset_vec                           500      500        4         0
                text15                              74C      74C       66         0
                text14                              8EA      8EA       38         0
                text12                              99E      99E       12         0
                text11                              958      958       34         0
                text10                              542      542      172         0
                text9                               6B4      6B4       98         0
                text8                               7F4      7F4       42         0
                text7                               9D2      9D2        4         0
                text6                               9B0      9B0        E         0
                text5                               836      836       3E         0
                text4                               9C8      9C8        A         0
                text3                               922      922       36         0
                text2                               98C      98C       12         0
                text1                               7B2      7B2       42         0
                text0                               8B0      8B0       3A         0
                cinit                               874      874       3C         0
                idataCOMRAM                         9BE      9BE        A         0

        CLASS   CONST          

        CLASS   SMALLCONST     

        CLASS   MEDIUMCONST    

        CLASS   COMRAM         
                temp                                 3D       3D        1         1
                cstackCOMRAM                          1        1       2D         1
                dataCOMRAM                           2E       2E        A         1
                bssCOMRAM                            3C       3C        1         1
                nvCOMRAM                             38       38        4         1

        CLASS   ABS1           

        CLASS   BIGRAM         

        CLASS   RAM            

        CLASS   BANK0          
                bssBANK0                             60       60       40         1

        CLASS   BANK1          

        CLASS   BANK2          

        CLASS   BANK3          

        CLASS   BANK4          

        CLASS   BANK5          

        CLASS   SFR            

        CLASS   FARRAM         

        CLASS   CONFIG         
                config                           300000   300000        E         0

        CLASS   IDLOC          
                idloc                            200000   200000        8         0

        CLASS   EEDATA         



SEGMENTS        Name                           Load    Length   Top    Selector   Space  Class

                cstackCOMRAM                   000001  00003D  00003E         1       1  COMRAM  
                bssBANK0                       000060  000040  0000A0        60       1  BANK0   
                reset_vec                      000500  000004  000504       280       0  CODE    
                intcode                        000508  0004CE  0009D6       284       0  CODE    
                idloc                          200000  000008  200008    200000       0  IDLOC   
                config                         300000  00000E  30000E    300000       0  CONFIG  


UNUSED ADDRESS RANGES

        Name                Unused          Largest block    Delta
        BANK0            0000A0-0000FF               60
        BANK1            000100-0001FF              100
        BANK2            000200-0002FF              100
        BANK3            000300-0003FF              100
        BANK4            000400-0004FF              100
        BANK5            000500-0005FF              100
        BIGRAM           00003E-00005F               22
                         0000A0-0005FF              560
        CODE             000504-000507                4
                         0009D6-007FFD             7628
                         007FFF-007FFF                1
        COMRAM           00003E-00005F               22
        CONST            000504-000507                4
                         0009D6-007FFD             7628
                         007FFF-007FFF                1
        EEDATA           F00000-F000FF              100
        FARRAM           000000-000000                1
        MEDIUMCONST      0009D6-007FFD             7628
                         007FFF-007FFF                1
        RAM              0000A0-0005FF              100
        SFR              000F38-000FFF               28
        SMALLCONST       0009D6-007FFD              100
                         007FFF-007FFF                1
        STACK            0000A0-0005FF              560

                                  Symbol Table

FLASH_EraseBlock@GIEBitValue              cstackCOMRAM 000008
FLASH_EraseBlock@baseAddr                 cstackCOMRAM 000004
FLASH_ReadByte@flashAddr                  cstackCOMRAM 000004
FLASH_WriteBlock@GIEBitValue              cstackCOMRAM 000017
FLASH_WriteBlock@WriteBlkOffset           cstackCOMRAM 00001A
FLASH_WriteBlock@blockStartAddr           cstackCOMRAM 000013
FLASH_WriteBlock@flashWrBufPtr            cstackCOMRAM 00000D
FLASH_WriteBlock@i                        cstackCOMRAM 00001C
FLASH_WriteBlock@j                        cstackCOMRAM 000019
FLASH_WriteBlock@numberOfWriteBlocks      cstackCOMRAM 000018
FLASH_WriteBlock@writeAddr                cstackCOMRAM 000009
FLASH_WriteByte@blockStartAddr            cstackCOMRAM 000029
FLASH_WriteByte@byte                      cstackCOMRAM 000023
FLASH_WriteByte@flashAddr                 cstackCOMRAM 00001D
FLASH_WriteByte@flashRdBufPtr             cstackCOMRAM 000021
FLASH_WriteByte@i                         cstackCOMRAM 00002D
FLASH_WriteByte@offset                    cstackCOMRAM 000028
TMR0_DefaultInterruptHandler@cnt          bssCOMRAM    00003C
TMR0_SetInterruptHandler@InterruptHandler cstackCOMRAM 000004
_ANSELA                                   (abs)        000F38
_ANSELB                                   (abs)        000F39
_ANSELC                                   (abs)        000F3A
_ANSELD                                   (abs)        000F3B
_ANSELE                                   (abs)        000F3C
_Buf                                      bssBANK0     000060
_EEADR                                    (abs)        000FA9
_EECON1bits                               (abs)        000FA6
_EECON2                                   (abs)        000FA7
_EEDATA                                   (abs)        000FA8
_EraseResetVector                         text8        0007F4
_FLASH_EraseBlock                         text11       000958
_FLASH_ReadByte                           text12       00099E
_FLASH_WriteBlock                         text10       000542
_FLASH_WriteByte                          text9        0006B4
_INTCON2bits                              (abs)        000FF1
_INTCONbits                               (abs)        000FF2
_INTERRUPT_Initialize                     text7        0009D2
_INTERRUPT_InterruptManager               intcode      000508
_LATA                                     (abs)        000F89
_LATAbits                                 (abs)        000F89
_LATB                                     (abs)        000F8A
_LATC                                     (abs)        000F8B
_LATD                                     (abs)        000F8C
_LATE                                     (abs)        000F8D
_OSCCON                                   (abs)        000FD3
_OSCCON2                                  (abs)        000FD2
_OSCILLATOR_Initialize                    text6        0009B0
_OSCTUNE                                  (abs)        000F9B
_PIN_MANAGER_Initialize                   text5        000836
_PIR2bits                                 (abs)        000FA1
_PORTCbits                                (abs)        000F82
_RCONbits                                 (abs)        000FD0
_SYSTEM_Initialize                        text2        00098C
_Signal_BL_Requested                      text1        0007B2
_T0CON                                    (abs)        000FD5
_T0CONbits                                (abs)        000FD5
_TABLAT                                   (abs)        000FF5
_TBLPTRH                                  (abs)        000FF7
_TBLPTRL                                  (abs)        000FF6
_TBLPTRU                                  (abs)        000FF8
_TMR0H                                    (abs)        000FD7
_TMR0L                                    (abs)        000FD6
_TMR0_DefaultInterruptHandler             text15       00074C
_TMR0_ISR                                 text14       0008EA
_TMR0_Initialize                          text3        000922
_TMR0_InterruptHandler                    nvCOMRAM     00003A
_TMR0_SetInterruptHandler                 text4        0009C8
_TRISA                                    (abs)        000F92
_TRISB                                    (abs)        000F93
_TRISC                                    (abs)        000F94
_TRISD                                    (abs)        000F95
_TRISE                                    (abs)        000F96
_WPUB                                     (abs)        000F61
__CFG_BOREN$SBORDIS                       (abs)        000000
__CFG_BORV$190                            (abs)        000000
__CFG_CCP2MX$PORTC1                       (abs)        000000
__CFG_CCP3MX$PORTB5                       (abs)        000000
__CFG_CP0$OFF                             (abs)        000000
__CFG_CP1$OFF                             (abs)        000000
__CFG_CP2$OFF                             (abs)        000000
__CFG_CP3$OFF                             (abs)        000000
__CFG_CPB$OFF                             (abs)        000000
__CFG_CPD$OFF                             (abs)        000000
__CFG_DEBUG$OFF                           (abs)        000000
__CFG_EBTR0$OFF                           (abs)        000000
__CFG_EBTR1$OFF                           (abs)        000000
__CFG_EBTR2$OFF                           (abs)        000000
__CFG_EBTR3$OFF                           (abs)        000000
__CFG_EBTRB$OFF                           (abs)        000000
__CFG_FCMEN$OFF                           (abs)        000000
__CFG_FOSC$INTIO67                        (abs)        000000
__CFG_HFOFST$ON                           (abs)        000000
__CFG_IESO$OFF                            (abs)        000000
__CFG_LVP$ON                              (abs)        000000
__CFG_MCLRE$EXTMCLR                       (abs)        000000
__CFG_P2BMX$PORTD2                        (abs)        000000
__CFG_PBADEN$ON                           (abs)        000000
__CFG_PLLCFG$OFF                          (abs)        000000
__CFG_PRICLKEN$ON                         (abs)        000000
__CFG_PWRTEN$OFF                          (abs)        000000
__CFG_STVREN$ON                           (abs)        000000
__CFG_T3CMX$PORTC0                        (abs)        000000
__CFG_WDTEN$OFF                           (abs)        000000
__CFG_WDTPS$32768                         (abs)        000000
__CFG_WRT0$OFF                            (abs)        000000
__CFG_WRT1$OFF                            (abs)        000000
__CFG_WRT2$OFF                            (abs)        000000
__CFG_WRT3$OFF                            (abs)        000000
__CFG_WRTB$OFF                            (abs)        000000
__CFG_WRTC$OFF                            (abs)        000000
__CFG_WRTD$OFF                            (abs)        000000
__CFG_XINST$OFF                           (abs)        000000
__HRAM                                    (abs)        000000
__Habs1                                   abs1         000000
__Hbank0                                  bank0        000000
__Hbank1                                  bank1        000000
__Hbank2                                  bank2        000000
__Hbank3                                  bank3        000000
__Hbank4                                  bank4        000000
__Hbank5                                  bank5        000000
__Hbigbss                                 bigbss       000000
__Hbigdata                                bigdata      000000
__Hbigram                                 bigram       000000
__Hbss                                    bss          000000
__HbssBANK0                               bssBANK0     000000
__HbssCOMRAM                              bssCOMRAM    000000
__Hchecksum                               checksum     007FFE
__Hcinit                                  cinit        000000
__Hclrtext                                clrtext      000000
__Hcomram                                 comram       000000
__Hconfig                                 config       30000E
__Hconst                                  const        000000
__HcstackCOMRAM                           cstackCOMRAM 000000
__Hdata                                   data         000000
__HdataCOMRAM                             dataCOMRAM   000000
__Heeprom_data                            eeprom_data  000000
__Hfarbss                                 farbss       000000
__Hfardata                                fardata      000000
__Hibigdata                               ibigdata     000000
__Hidata                                  idata        000000
__HidataCOMRAM                            idataCOMRAM  000000
__Hidloc                                  idloc        200008
__Hifardata                               ifardata     000000
__Hinit                                   init         000542
__Hintcode                                intcode      00053E
__Hintcode_body                           intcode_body 000000
__Hintcodelo                              intcodelo    00053E
__Hintentry                               intentry     000000
__Hintret                                 intret       000000
__Hintsave_regs                           intsave_regs 000000
__Hirdata                                 irdata       000000
__Hmediumconst                            mediumconst  000000
__HnvCOMRAM                               nvCOMRAM     000000
__HnvFARRAM                               nvFARRAM     000000
__Hnvbit                                  nvbit        000000
__Hnvrram                                 nvrram       000000
__Hparam                                  rparam       000000
__Hpowerup                                powerup      00053E
__Hram                                    ram          000000
__Hramtop                                 ramtop       000600
__Hrbit                                   rbit         000000
__Hrbss                                   rbss         000000
__Hrdata                                  rdata        000000
__Hreset_vec                              reset_vec    000504
__Hrparam                                 rparam       000000
__Hsfr                                    sfr          000000
__Hsmallconst                             smallconst   000000
__Hspace_0                                (abs)        30000E
__Hspace_1                                (abs)        0000A0
__Hspace_2                                (abs)        000000
__Hstack                                  stack        000000
__Hstruct                                 struct       000000
__Htemp                                   temp         00003E
__Htext                                   text         000000
__Htext0                                  text0        000000
__Htext1                                  text1        000000
__Htext10                                 text10       000000
__Htext11                                 text11       000000
__Htext12                                 text12       000000
__Htext14                                 text14       000000
__Htext15                                 text15       000000
__Htext16                                 text16       000000
__Htext2                                  text2        000000
__Htext3                                  text3        000000
__Htext4                                  text4        000000
__Htext5                                  text5        000000
__Htext6                                  text6        000000
__Htext7                                  text7        000000
__Htext8                                  text8        000000
__Htext9                                  text9        000000
__LRAM                                    (abs)        000001
__Labs1                                   abs1         000000
__Lbank0                                  bank0        000000
__Lbank1                                  bank1        000000
__Lbank2                                  bank2        000000
__Lbank3                                  bank3        000000
__Lbank4                                  bank4        000000
__Lbank5                                  bank5        000000
__Lbigbss                                 bigbss       000000
__Lbigdata                                bigdata      000000
__Lbigram                                 bigram       000000
__Lbss                                    bss          000000
__LbssBANK0                               bssBANK0     000000
__LbssCOMRAM                              bssCOMRAM    000000
__Lchecksum                               checksum     007FFE
__Lcinit                                  cinit        000000
__Lclrtext                                clrtext      000000
__Lcomram                                 comram       000000
__Lconfig                                 config       300000
__Lconst                                  const        000000
__LcstackCOMRAM                           cstackCOMRAM 000000
__Ldata                                   data         000000
__LdataCOMRAM                             dataCOMRAM   000000
__Leeprom_data                            eeprom_data  000000
__Lfarbss                                 farbss       000000
__Lfardata                                fardata      000000
__Libigdata                               ibigdata     000000
__Lidata                                  idata        000000
__LidataCOMRAM                            idataCOMRAM  000000
__Lidloc                                  idloc        200000
__Lifardata                               ifardata     000000
__Linit                                   init         00053E
__Lintcode                                intcode      000508
__Lintcode_body                           intcode_body 000000
__Lintcodelo                              intcodelo    00053E
__Lintentry                               intentry     000000
__Lintret                                 intret       000000
__Lintsave_regs                           intsave_regs 000000
__Lirdata                                 irdata       000000
__Lmediumconst                            mediumconst  000000
__LnvCOMRAM                               nvCOMRAM     000000
__LnvFARRAM                               nvFARRAM     000000
__Lnvbit                                  nvbit        000000
__Lnvrram                                 nvrram       000000
__Lparam                                  rparam       000000
__Lpowerup                                powerup      00053E
__Lram                                    ram          000000
__Lramtop                                 ramtop       000600
__Lrbit                                   rbit         000000
__Lrbss                                   rbss         000000
__Lrdata                                  rdata        000000
__Lreset_vec                              reset_vec    000500
__Lrparam                                 rparam       000000
__Lsfr                                    sfr          000000
__Lsmallconst                             smallconst   000000
__Lspace_0                                (abs)        000000
__Lspace_1                                (abs)        000000
__Lspace_2                                (abs)        000000
__Lstack                                  stack        000000
__Lstruct                                 struct       000000
__Ltemp                                   temp         00003D
__Ltext                                   text         000000
__Ltext0                                  text0        000000
__Ltext1                                  text1        000000
__Ltext10                                 text10       000000
__Ltext11                                 text11       000000
__Ltext12                                 text12       000000
__Ltext14                                 text14       000000
__Ltext15                                 text15       000000
__Ltext16                                 text16       000000
__Ltext2                                  text2        000000
__Ltext3                                  text3        000000
__Ltext4                                  text4        000000
__Ltext5                                  text5        000000
__Ltext6                                  text6        000000
__Ltext7                                  text7        000000
__Ltext8                                  text8        000000
__Ltext9                                  text9        000000
__S0                                      (abs)        30000E
__S1                                      (abs)        0000A0
__S2                                      (abs)        000000
___inthi_sp                               stack        000000
___intlo_sp                               stack        000000
___param_bank                             (abs)        000000
___rparam_used                            (abs)        000001
___sp                                     stack        000000
__accesstop                               (abs)        000060
__activetblptr                            (abs)        000002
__checksum0                               checksum     007FFE
__end_of_EraseResetVector                 text8        000836
__end_of_FLASH_EraseBlock                 text11       00098C
__end_of_FLASH_ReadByte                   text12       0009B0
__end_of_FLASH_WriteBlock                 text10       0006B4
__end_of_FLASH_WriteByte                  text9        00074C
__end_of_INTERRUPT_Initialize             text7        0009D6
__end_of_INTERRUPT_InterruptManager       intcode      00053E
__end_of_OSCILLATOR_Initialize            text6        0009BE
__end_of_PIN_MANAGER_Initialize           text5        000874
__end_of_SYSTEM_Initialize                text2        00099E
__end_of_Signal_BL_Requested              text1        0007F4
__end_of_TMR0_DefaultInterruptHandler     text15       0007B2
__end_of_TMR0_ISR                         text14       000922
__end_of_TMR0_Initialize                  text3        000958
__end_of_TMR0_SetInterruptHandler         text4        0009D2
__end_of__initialization                  cinit        0008A2
__end_of_main                             text0        0008EA
__initialization                          cinit        000874
__mediumconst                             mediumconst  000000
__pbssBANK0                               bssBANK0     000060
__pbssCOMRAM                              bssCOMRAM    00003C
__pcinit                                  cinit        000874
__pcstackCOMRAM                           cstackCOMRAM 000001
__pdataCOMRAM                             dataCOMRAM   00002E
__pidataCOMRAM                            idataCOMRAM  0009BE
__pintcode                                intcode      000508
__pnvCOMRAM                               nvCOMRAM     000038
__ptext0                                  text0        0008B0
__ptext1                                  text1        0007B2
__ptext10                                 text10       000542
__ptext11                                 text11       000958
__ptext12                                 text12       00099E
__ptext14                                 text14       0008EA
__ptext15                                 text15       00074C
__ptext16                                 text16       000000
__ptext2                                  text2        00098C
__ptext3                                  text3        000922
__ptext4                                  text4        0009C8
__ptext5                                  text5        000836
__ptext6                                  text6        0009B0
__ptext7                                  text7        0009D2
__ptext8                                  text8        0007F4
__ptext9                                  text9        0006B4
__ramtop                                  ramtop       000600
__size_of_EraseResetVector                (abs)        000000
__size_of_FLASH_EraseBlock                (abs)        000000
__size_of_FLASH_ReadByte                  (abs)        000000
__size_of_FLASH_WriteBlock                (abs)        000000
__size_of_FLASH_WriteByte                 (abs)        000000
__size_of_INTERRUPT_Initialize            (abs)        000000
__size_of_INTERRUPT_InterruptManager      (abs)        000000
__size_of_OSCILLATOR_Initialize           (abs)        000000
__size_of_PIN_MANAGER_Initialize          (abs)        000000
__size_of_SYSTEM_Initialize               (abs)        000000
__size_of_Signal_BL_Requested             (abs)        000000
__size_of_TMR0_DefaultInterruptHandler    (abs)        000000
__size_of_TMR0_ISR                        (abs)        000000
__size_of_TMR0_Initialize                 (abs)        000000
__size_of_TMR0_SetInterruptHandler        (abs)        000000
__size_of_main                            (abs)        000000
__smallconst                              smallconst   000000
_flashAddr                                dataCOMRAM   000032
_flashAddr2                               dataCOMRAM   00002E
_main                                     text0        0008B0
_timer0ReloadVal                          nvCOMRAM     000038
_writeData                                dataCOMRAM   000037
_writeData2                               dataCOMRAM   000036
btemp                                     temp         00003D
end_of_initialization                     cinit        0008A2
int$flags                                 temp         00003D
intlevel0                                 text         000000
intlevel1                                 text         000000
intlevel2                                 text         000000
intlevel3                                 text         000000
stackhi                                   (abs)        0005FF
stacklo                                   (abs)        0000A0
start                                     init         00053E
start_initialization                      cinit        000874
ttemp5                                    temp         00003E
ttemp6                                    temp         000041
ttemp7                                    temp         000045
wtemp8                                    temp         00003E


FUNCTION INFORMATION:

 *************** function _main *****************
 Defined at:
		line 61 in file "main.c"
 Parameters:    Size  Location     Type
		None
 Auto vars:     Size  Location     Type
		None
 Return value:  Size  Location     Type
                  1    wreg      void 
 Registers used:
		wreg, fsr2l, fsr2h, status,2, status,0, cstack
 Tracked objects:
		On entry : 
		On exit  : 
		Unchanged: 
 Data sizes:     COMRAM   BANK0   BANK1   BANK2   BANK3   BANK4   BANK5
      Params:         0       0       0       0       0       0       0
      Locals:         0       0       0       0       0       0       0
      Temps:          0       0       0       0       0       0       0
      Totals:         0       0       0       0       0       0       0
Total ram usage:        0 bytes
 Hardware stack levels required when called:    7
 This function calls:
		_EraseResetVector
		_SYSTEM_Initialize
		_Signal_BL_Requested
 This function is called by:
		Startup code after reset
 This function uses a non-reentrant model


 *************** function _Signal_BL_Requested *****************
 Defined at:
		line 105 in file "main.c"
 Parameters:    Size  Location     Type
		None
 Auto vars:     Size  Location     Type
		None
 Return value:  Size  Location     Type
                  1    wreg      void 
 Registers used:
		wreg, fsr2l, fsr2h, status,2, status,0, cstack
 Tracked objects:
		On entry : 
		On exit  : 
		Unchanged: 
 Data sizes:     COMRAM   BANK0   BANK1   BANK2   BANK3   BANK4   BANK5
      Params:         0       0       0       0       0       0       0
      Locals:         0       0       0       0       0       0       0
      Temps:          0       0       0       0       0       0       0
      Totals:         0       0       0       0       0       0       0
Total ram usage:        0 bytes
 Hardware stack levels used:    1
 Hardware stack levels required when called:    6
 This function calls:
		_FLASH_WriteByte
 This function is called by:
		_main
 This function uses a non-reentrant model


 *************** function _SYSTEM_Initialize *****************
 Defined at:
		line 50 in file "mcc_generated_files/mcc.c"
 Parameters:    Size  Location     Type
		None
 Auto vars:     Size  Location     Type
		None
 Return value:  Size  Location     Type
                  1    wreg      void 
 Registers used:
		wreg, status,2, status,0, cstack
 Tracked objects:
		On entry : 
		On exit  : 
		Unchanged: 
 Data sizes:     COMRAM   BANK0   BANK1   BANK2   BANK3   BANK4   BANK5
      Params:         0       0       0       0       0       0       0
      Locals:         0       0       0       0       0       0       0
      Temps:          0       0       0       0       0       0       0
      Totals:         0       0       0       0       0       0       0
Total ram usage:        0 bytes
 Hardware stack levels used:    1
 Hardware stack levels required when called:    5
 This function calls:
		_INTERRUPT_Initialize
		_OSCILLATOR_Initialize
		_PIN_MANAGER_Initialize
		_TMR0_Initialize
 This function is called by:
		_main
 This function uses a non-reentrant model


 *************** function _TMR0_Initialize *****************
 Defined at:
		line 68 in file "mcc_generated_files/tmr0.c"
 Parameters:    Size  Location     Type
		None
 Auto vars:     Size  Location     Type
		None
 Return value:  Size  Location     Type
                  1    wreg      void 
 Registers used:
		wreg, status,2, status,0, cstack
 Tracked objects:
		On entry : 
		On exit  : 
		Unchanged: 
 Data sizes:     COMRAM   BANK0   BANK1   BANK2   BANK3   BANK4   BANK5
      Params:         0       0       0       0       0       0       0
      Locals:         0       0       0       0       0       0       0
      Temps:          2       0       0       0       0       0       0
      Totals:         2       0       0       0       0       0       0
Total ram usage:        2 bytes
 Hardware stack levels used:    1
 Hardware stack levels required when called:    4
 This function calls:
		_TMR0_SetInterruptHandler
 This function is called by:
		_SYSTEM_Initialize
 This function uses a non-reentrant model


 *************** function _TMR0_SetInterruptHandler *****************
 Defined at:
		line 157 in file "mcc_generated_files/tmr0.c"
 Parameters:    Size  Location     Type
  InterruptHan    2    3[COMRAM] PTR FTN()void 
		 -> TMR0_DefaultInterruptHandler(1), 
 Auto vars:     Size  Location     Type
		None
 Return value:  Size  Location     Type
                  1    wreg      void 
 Registers used:
		wreg, status,2, status,0
 Tracked objects:
		On entry : 
		On exit  : 
		Unchanged: 
 Data sizes:     COMRAM   BANK0   BANK1   BANK2   BANK3   BANK4   BANK5
      Params:         2       0       0       0       0       0       0
      Locals:         0       0       0       0       0       0       0
      Temps:          0       0       0       0       0       0       0
      Totals:         2       0       0       0       0       0       0
Total ram usage:        2 bytes
 Hardware stack levels used:    1
 Hardware stack levels required when called:    3
 This function calls:
		Nothing
 This function is called by:
		_TMR0_Initialize
 This function uses a non-reentrant model


 *************** function _PIN_MANAGER_Initialize *****************
 Defined at:
		line 55 in file "mcc_generated_files/pin_manager.c"
 Parameters:    Size  Location     Type
		None
 Auto vars:     Size  Location     Type
		None
 Return value:  Size  Location     Type
                  1    wreg      void 
 Registers used:
		wreg, status,2
 Tracked objects:
		On entry : 
		On exit  : 
		Unchanged: 
 Data sizes:     COMRAM   BANK0   BANK1   BANK2   BANK3   BANK4   BANK5
      Params:         0       0       0       0       0       0       0
      Locals:         0       0       0       0       0       0       0
      Temps:          0       0       0       0       0       0       0
      Totals:         0       0       0       0       0       0       0
Total ram usage:        0 bytes
 Hardware stack levels used:    1
 Hardware stack levels required when called:    3
 This function calls:
		Nothing
 This function is called by:
		_SYSTEM_Initialize
 This function uses a non-reentrant model


 *************** function _OSCILLATOR_Initialize *****************
 Defined at:
		line 59 in file "mcc_generated_files/mcc.c"
 Parameters:    Size  Location     Type
		None
 Auto vars:     Size  Location     Type
		None
 Return value:  Size  Location     Type
                  1    wreg      void 
 Registers used:
		wreg, status,2
 Tracked objects:
		On entry : 
		On exit  : 
		Unchanged: 
 Data sizes:     COMRAM   BANK0   BANK1   BANK2   BANK3   BANK4   BANK5
      Params:         0       0       0       0       0       0       0
      Locals:         0       0       0       0       0       0       0
      Temps:          0       0       0       0       0       0       0
      Totals:         0       0       0       0       0       0       0
Total ram usage:        0 bytes
 Hardware stack levels used:    1
 Hardware stack levels required when called:    3
 This function calls:
		Nothing
 This function is called by:
		_SYSTEM_Initialize
 This function uses a non-reentrant model


 *************** function _INTERRUPT_Initialize *****************
 Defined at:
		line 52 in file "mcc_generated_files/interrupt_manager.c"
 Parameters:    Size  Location     Type
		None
 Auto vars:     Size  Location     Type
		None
 Return value:  Size  Location     Type
                  1    wreg      void 
 Registers used:
		None
 Tracked objects:
		On entry : 
		On exit  : 
		Unchanged: 
 Data sizes:     COMRAM   BANK0   BANK1   BANK2   BANK3   BANK4   BANK5
      Params:         0       0       0       0       0       0       0
      Locals:         0       0       0       0       0       0       0
      Temps:          0       0       0       0       0       0       0
      Totals:         0       0       0       0       0       0       0
Total ram usage:        0 bytes
 Hardware stack levels used:    1
 Hardware stack levels required when called:    3
 This function calls:
		Nothing
 This function is called by:
		_SYSTEM_Initialize
 This function uses a non-reentrant model


 *************** function _EraseResetVector *****************
 Defined at:
		line 111 in file "main.c"
 Parameters:    Size  Location     Type
		None
 Auto vars:     Size  Location     Type
		None
 Return value:  Size  Location     Type
                  1    wreg      void 
 Registers used:
		wreg, fsr2l, fsr2h, status,2, status,0, cstack
 Tracked objects:
		On entry : 
		On exit  : 
		Unchanged: 
 Data sizes:     COMRAM   BANK0   BANK1   BANK2   BANK3   BANK4   BANK5
      Params:         0       0       0       0       0       0       0
      Locals:         0       0       0       0       0       0       0
      Temps:          0       0       0       0       0       0       0
      Totals:         0       0       0       0       0       0       0
Total ram usage:        0 bytes
 Hardware stack levels used:    1
 Hardware stack levels required when called:    6
 This function calls:
		_FLASH_WriteByte
 This function is called by:
		_main
 This function uses a non-reentrant model


 *************** function _FLASH_WriteByte *****************
 Defined at:
		line 75 in file "mcc_generated_files/memory.c"
 Parameters:    Size  Location     Type
  flashAddr       4   28[COMRAM] unsigned long 
  flashRdBufPt    2   32[COMRAM] PTR unsigned char 
		 -> Buf(64), 
  byte            1   34[COMRAM] unsigned char 
 Auto vars:     Size  Location     Type
  blockStartAd    4   40[COMRAM] unsigned long 
  i               1   44[COMRAM] unsigned char 
  offset          1   39[COMRAM] unsigned char 
 Return value:  Size  Location     Type
                  1    wreg      void 
 Registers used:
		wreg, fsr2l, fsr2h, status,2, status,0, cstack
 Tracked objects:
		On entry : 
		On exit  : 
		Unchanged: 
 Data sizes:     COMRAM   BANK0   BANK1   BANK2   BANK3   BANK4   BANK5
      Params:         7       0       0       0       0       0       0
      Locals:         6       0       0       0       0       0       0
      Temps:          4       0       0       0       0       0       0
      Totals:        17       0       0       0       0       0       0
Total ram usage:       17 bytes
 Hardware stack levels used:    1
 Hardware stack levels required when called:    5
 This function calls:
		_FLASH_ReadByte
		_FLASH_WriteBlock
 This function is called by:
		_Signal_BL_Requested
		_EraseResetVector
 This function uses a non-reentrant model


 *************** function _FLASH_WriteBlock *****************
 Defined at:
		line 94 in file "mcc_generated_files/memory.c"
 Parameters:    Size  Location     Type
  writeAddr       4    8[COMRAM] unsigned long 
  flashWrBufPt    2   12[COMRAM] PTR unsigned char 
		 -> Buf(64), 
 Auto vars:     Size  Location     Type
  blockStartAd    4   18[COMRAM] unsigned long 
  WriteBlkOffs    2   25[COMRAM] unsigned short 
  i               1   27[COMRAM] unsigned char 
  j               1   24[COMRAM] unsigned char 
  numberOfWrit    1   23[COMRAM] unsigned char 
  GIEBitValue     1   22[COMRAM] unsigned char 
 Return value:  Size  Location     Type
                  1    wreg      char 
 Registers used:
		wreg, fsr2l, fsr2h, status,2, status,0, cstack
 Tracked objects:
		On entry : 
		On exit  : 
		Unchanged: 
 Data sizes:     COMRAM   BANK0   BANK1   BANK2   BANK3   BANK4   BANK5
      Params:         6       0       0       0       0       0       0
      Locals:        10       0       0       0       0       0       0
      Temps:          4       0       0       0       0       0       0
      Totals:        20       0       0       0       0       0       0
Total ram usage:       20 bytes
 Hardware stack levels used:    1
 Hardware stack levels required when called:    4
 This function calls:
		_FLASH_EraseBlock
 This function is called by:
		_FLASH_WriteByte
 This function uses a non-reentrant model


 *************** function _FLASH_EraseBlock *****************
 Defined at:
		line 153 in file "mcc_generated_files/memory.c"
 Parameters:    Size  Location     Type
  baseAddr        4    3[COMRAM] unsigned long 
 Auto vars:     Size  Location     Type
  GIEBitValue     1    7[COMRAM] unsigned char 
 Return value:  Size  Location     Type
                  1    wreg      void 
 Registers used:
		wreg, status,2
 Tracked objects:
		On entry : 
		On exit  : 
		Unchanged: 
 Data sizes:     COMRAM   BANK0   BANK1   BANK2   BANK3   BANK4   BANK5
      Params:         4       0       0       0       0       0       0
      Locals:         1       0       0       0       0       0       0
      Temps:          0       0       0       0       0       0       0
      Totals:         5       0       0       0       0       0       0
Total ram usage:        5 bytes
 Hardware stack levels used:    1
 Hardware stack levels required when called:    3
 This function calls:
		Nothing
 This function is called by:
		_FLASH_WriteBlock
 This function uses a non-reentrant model


 *************** function _FLASH_ReadByte *****************
 Defined at:
		line 59 in file "mcc_generated_files/memory.c"
 Parameters:    Size  Location     Type
  flashAddr       4    3[COMRAM] unsigned long 
 Auto vars:     Size  Location     Type
		None
 Return value:  Size  Location     Type
                  1    wreg      unsigned char 
 Registers used:
		wreg, status,2
 Tracked objects:
		On entry : 
		On exit  : 
		Unchanged: 
 Data sizes:     COMRAM   BANK0   BANK1   BANK2   BANK3   BANK4   BANK5
      Params:         4       0       0       0       0       0       0
      Locals:         0       0       0       0       0       0       0
      Temps:          0       0       0       0       0       0       0
      Totals:         4       0       0       0       0       0       0
Total ram usage:        4 bytes
 Hardware stack levels used:    1
 Hardware stack levels required when called:    3
 This function calls:
		Nothing
 This function is called by:
		_FLASH_WriteByte
		_FLASH_ReadWord
 This function uses a non-reentrant model


 *************** function _INTERRUPT_InterruptManager *****************
 Defined at:
		line 58 in file "mcc_generated_files/interrupt_manager.c"
 Parameters:    Size  Location     Type
		None
 Auto vars:     Size  Location     Type
		None
 Return value:  Size  Location     Type
                  1    wreg      void 
 Registers used:
		wreg, status,2, status,0, pclath, tosl, cstack
 Tracked objects:
		On entry : 
		On exit  : 
		Unchanged: 
 Data sizes:     COMRAM   BANK0   BANK1   BANK2   BANK3   BANK4   BANK5
      Params:         0       0       0       0       0       0       0
      Locals:         0       0       0       0       0       0       0
      Temps:          2       0       0       0       0       0       0
      Totals:         2       0       0       0       0       0       0
Total ram usage:        2 bytes
 Hardware stack levels used:    1
 Hardware stack levels required when called:    2
 This function calls:
		_TMR0_ISR
 This function is called by:
		Interrupt level 2
 This function uses a non-reentrant model


 *************** function _TMR0_ISR *****************
 Defined at:
		line 137 in file "mcc_generated_files/tmr0.c"
 Parameters:    Size  Location     Type
		None
 Auto vars:     Size  Location     Type
		None
 Return value:  Size  Location     Type
                  1    wreg      void 
 Registers used:
		wreg, status,2, status,0, pclath, tosl, cstack
 Tracked objects:
		On entry : 
		On exit  : 
		Unchanged: 
 Data sizes:     COMRAM   BANK0   BANK1   BANK2   BANK3   BANK4   BANK5
      Params:         0       0       0       0       0       0       0
      Locals:         0       0       0       0       0       0       0
      Temps:          0       0       0       0       0       0       0
      Totals:         0       0       0       0       0       0       0
Total ram usage:        0 bytes
 Hardware stack levels used:    1
 Hardware stack levels required when called:    1
 This function calls:
		Absolute function
		_TMR0_DefaultInterruptHandler
 This function is called by:
		_INTERRUPT_InterruptManager
 This function uses a non-reentrant model


 *************** function _TMR0_DefaultInterruptHandler *****************
 Defined at:
		line 161 in file "mcc_generated_files/tmr0.c"
 Parameters:    Size  Location     Type
		None
 Auto vars:     Size  Location     Type
		None
 Return value:  Size  Location     Type
                  1    wreg      void 
 Registers used:
		wreg, status,2, status,0
 Tracked objects:
		On entry : 
		On exit  : 
		Unchanged: 
 Data sizes:     COMRAM   BANK0   BANK1   BANK2   BANK3   BANK4   BANK5
      Params:         0       0       0       0       0       0       0
      Locals:         0       0       0       0       0       0       0
      Temps:          1       0       0       0       0       0       0
      Totals:         1       0       0       0       0       0       0
Total ram usage:        1 bytes
 Hardware stack levels used:    1
 This function calls:
		Nothing
 This function is called by:
		_TMR0_Initialize
		_TMR0_ISR
 This function uses a non-reentrant model



MODULE INFORMATION

Module		Function		Class		Link	Load	Size
mcc_generated_files/interrupt_manager.c
		_INTERRUPT_Initialize		CODE           	09D2	0000	5
		_INTERRUPT_InterruptManager		CODE           	0508	0000	55

mcc_generated_files/interrupt_manager.c estimated size: 60

mcc_generated_files/tmr0.c
		_TMR0_SetInterruptHandler		CODE           	09C8	0000	11
		_TMR0_DefaultInterruptHandler		CODE           	074C	0000	103
		_TMR0_ISR      		CODE           	08EA	0000	57
		_TMR0_Initialize		CODE           	0922	0000	55

mcc_generated_files/tmr0.c estimated size: 226

mcc_generated_files/pin_manager.c
		_PIN_MANAGER_Initialize		CODE           	0836	0000	63

mcc_generated_files/pin_manager.c estimated size: 63

shared
		__initialization		CODE           	0874	0000	47

shared estimated size: 47

mcc_generated_files/mcc.c
		_OSCILLATOR_Initialize		CODE           	09B0	0000	15
		_SYSTEM_Initialize		CODE           	098C	0000	19

mcc_generated_files/mcc.c estimated size: 34

mcc_generated_files/memory.c
		_FLASH_EraseBlock		CODE           	0958	0000	53
		_FLASH_ReadByte		CODE           	099E	0000	19
		_FLASH_WriteBlock		CODE           	0542	0000	371
		_FLASH_WriteByte		CODE           	06B4	0000	153

mcc_generated_files/memory.c estimated size: 596

main.c
		_Signal_BL_Requested		CODE           	07B2	0000	67
		_main          		CODE           	08B0	0000	59
		_EraseResetVector		CODE           	07F4	0000	67

main.c estimated size: 193

