Microchip MPLAB XC8 Compiler V2.10 ()

Linker command line:

-W-3 --edf=C:\Program Files (x86)\Microchip\xc8\v2.10\pic\dat\en_msgs.txt \
  -cs -h+dist/default/production\BootloaderChecksum.X.production.sym \
  --cmf=dist/default/production\BootloaderChecksum.X.production.cmf -z \
  -Q18F45K22 -oC:\Users\A50807\AppData\Local\Temp\sfns.2 \
  --defsym=__MPLAB_BUILD=1 \
  -Mdist/default/production/BootloaderChecksum.X.production.map -E1 \
  -ver=XC8 --acfsm=1493 -ASTACK=060h-05FFh -pstack=STACK -ACODE=00h-04FFh \
  -ACONST=00h-04FFh -ACOMRAM=01h-05Fh -AABS1=00h-05FFh -ABIGRAM=01h-05FFh \
  -ARAM=060h-0FFh,0100h-01FFhx5 -ABANK0=060h-0FFh -ABANK1=0100h-01FFh \
  -ABANK2=0200h-02FFh -ABANK3=0300h-03FFh -ABANK4=0400h-04FFh \
  -ABANK5=0500h-05FFh -ASFR=0F38h-0F5Fh,0F60h-0FFFh \
  -preset_vec=00h,intcode=08h,intcodelo=018h,powerup,init -pramtop=0600h \
  -pconst=CONST -AFARRAM=00h-00h -ACONFIG=0300000h-030000Dh -pconfig=CONFIG \
  -AIDLOC=0200000h-0200007h -pidloc=IDLOC -AEEDATA=0F00000h-0F000FFh \
  -peeprom_data=EEDATA \
  -prdata=COMRAM,nvrram=COMRAM,nvbit=COMRAM,rbss=COMRAM,rbit=COMRAM \
  -pfarbss=FARRAM,fardata=FARRAM,nvFARRAM=FARRAM \
  -pintsave_regs=BIGRAM,bigbss=BIGRAM,bigdata=BIGRAM -pbss=RAM \
  -pidata=CODE,irdata=CODE,ibigdata=CODE,ifardata=CODE -prparam=COMRAM \
  C:\Users\A50807\AppData\Local\Temp\sfns.o \
  dist/default/production\BootloaderChecksum.X.production.o 

Object code version is 3.11

Machine type is 18F45K22

Call graph: (short form)




                Name                               Link     Load   Length Selector   Space Scale
C:\Users\A50807\AppData\Local\Temp\sfns.o
                init                                 1C       1C        4        C       0
                reset_vec                             0        0        4        0       0
                idloc                            200000   200000        8   200000       0
                config                           300000   300000        E   300000       0
dist/default/production\BootloaderChecksum.X.production.o
                intcodelo                            18       18        4        C       0
                intcode                               8        8        4        4       0
                text21                              2FC      2FC       46        C       0
                text20                              342      342       3C        C       0
                text19                              45E      45E        C        C       0
                text18                              414      414       12        C       0
                text17                              452      452        C        C       0
                text16                              436      436       10        C       0
                text15                              11E      11E       76        C       0
                text14                              25E      25E       52        C       0
                text13                              2B0      2B0       4C        C       0
                text12                              1FE      1FE       60        C       0
                text11                               A2       A2       7C        C       0
                text10                              194      194       6A        C       0
                text9                                20       20       82        C       0
                text8                               3E6      3E6       18        C       0
                text7                               474      474        2        C       0
                text6                               472      472        2        C       0
                text5                               470      470        2        C       0
                text4                               3B2      3B2       34        C       0
                text3                               446      446        C        C       0
                text2                               37E      37E       34        C       0
                text1                               426      426       10        C       0
                cstackCOMRAM                         4F       4F        C        2       1
                bssCOMRAM                             2        2       4D        2       1
                cinit                               3FE      3FE       16        C       0
                text0                               46A      46A        6        C       0

TOTAL           Name                               Link     Load   Length     Space
        CLASS   STACK          

        CLASS   CODE           
                intcodelo                            18       18        4         0
                intcode                               8        8        4         0
                init                                 1C       1C        4         0
                reset_vec                             0        0        4         0
                text21                              2FC      2FC       46         0
                text20                              342      342       3C         0
                text19                              45E      45E        C         0
                text18                              414      414       12         0
                text17                              452      452        C         0
                text16                              436      436       10         0
                text15                              11E      11E       76         0
                text14                              25E      25E       52         0
                text13                              2B0      2B0       4C         0
                text12                              1FE      1FE       60         0
                text11                               A2       A2       7C         0
                text10                              194      194       6A         0
                text9                                20       20       82         0
                text8                               3E6      3E6       18         0
                text7                               474      474        2         0
                text6                               472      472        2         0
                text5                               470      470        2         0
                text4                               3B2      3B2       34         0
                text3                               446      446        C         0
                text2                               37E      37E       34         0
                text1                               426      426       10         0
                cinit                               3FE      3FE       16         0
                text0                               46A      46A        6         0

        CLASS   CONST          

        CLASS   COMRAM         
                cstackCOMRAM                         4F       4F        C         1
                bssCOMRAM                             2        2       4D         1

        CLASS   ABS1           
                abs_s1                                1        1        1         1

        CLASS   BIGRAM         

        CLASS   RAM            

        CLASS   BANK0          

        CLASS   BANK1          

        CLASS   BANK2          

        CLASS   BANK3          

        CLASS   BANK4          

        CLASS   BANK5          

        CLASS   SFR            

        CLASS   FARRAM         

        CLASS   CONFIG         
                config                           300000   300000        E         0

        CLASS   IDLOC          
                idloc                            200000   200000        8         0

        CLASS   EEDATA         

        CLASS   MEDIUMCONST    

        CLASS   SMALLCONST     



SEGMENTS        Name                           Load    Length   Top    Selector   Space  Class

                reset_vec                      000000  000004  000004         0       0  CODE    
                bssCOMRAM                      000002  000059  00005B         2       1  COMRAM  
                intcode                        000008  000004  00000C         4       0  CODE    
                intcodelo                      000018  00045E  000476         C       0  CODE    
                idloc                          200000  000008  200008    200000       0  IDLOC   
                config                         300000  00000E  30000E    300000       0  CONFIG  


UNUSED ADDRESS RANGES

        Name                Unused          Largest block    Delta
        BANK0            000060-0000FF               A0
        BANK1            000100-0001FF              100
        BANK2            000200-0002FF              100
        BANK3            000300-0003FF              100
        BANK4            000400-0004FF              100
        BANK5            000500-0005FF              100
        BIGRAM           00005B-0005FF              5A5
        CODE             000004-000007                4
                         00000C-000017                C
                         000476-0004FF               8A
        COMRAM           00005B-00005F                5
        CONST            000004-000007                4
                         00000C-000017                C
                         000476-0004FF               8A
        EEDATA           F00000-F000FF              100
        RAM              000060-0005FF              100
        SFR              000F38-000FFF               28
        STACK            000060-0005FF              5A0

                                  Symbol Table

Bootload_Required@Stored_Checksum               cstackCOMRAM 000053
Calc_Checksum@i                                 cstackCOMRAM 000051
Calc_Checksum@length                            cstackCOMRAM 00004F
EUSART1_SetErrorHandler@interruptHandler        cstackCOMRAM 00004F
EUSART1_SetFramingErrorHandler@interruptHandler cstackCOMRAM 00004F
EUSART1_SetOverrunErrorHandler@interruptHandler cstackCOMRAM 00004F
EUSART1_Write@txData                            cstackCOMRAM 00004F
Erase_Flash@i                                   cstackCOMRAM 000052
Get_Version_Data@i                              cstackCOMRAM 00004F
PL10                                            text12       000254
PL12                                            text15       000184
PL14                                            text15       00018A
PL16                                            text9        000098
PL2                                             text15       000176
PL4                                             text13       0002E6
PL6                                             text12       000248
PL8                                             text13       0002F0
ProcessBootBuffer@len                           cstackCOMRAM 000057
Read_Config@i                                   cstackCOMRAM 000051
Run_Bootloader@ch                               cstackCOMRAM 000058
Run_Bootloader@index                            cstackCOMRAM 00005A
Run_Bootloader@msg_length                       cstackCOMRAM 000059
Write_Config@i                                  cstackCOMRAM 000051
Write_Flash@i                                   cstackCOMRAM 000053
_ANSELA                                         (abs)        000F38
_ANSELB                                         (abs)        000F39
_ANSELC                                         (abs)        000F3A
_ANSELD                                         (abs)        000F3B
_ANSELE                                         (abs)        000F3C
_BAUDCON1                                       (abs)        000FB8
_BAUDCONbits                                    (abs)        000FB8
_BOOTLOADER_Initialize                          text8        0003E6
_Bootload_Required                              text20       000342
_Calc_Checksum                                  text21       0002FC
_Check_Device_Reset                             text19       00045E
_EECON1                                         (abs)        000FA6
_EECON1bits                                     (abs)        000FA6
_EECON2                                         (abs)        000FA7
_EE_Key_1                                       (abs)        000000
_EE_Key_2                                       (abs)        000001
_EUSART1_DefaultErrorHandler                    (abs)        000000
_EUSART1_DefaultFramingErrorHandler             (abs)        000000
_EUSART1_DefaultOverrunErrorHandler             (abs)        000000
_EUSART1_Initialize                             text4        0003B2
_EUSART1_Read                                   text18       000414
_EUSART1_SetErrorHandler                        text7        000474
_EUSART1_SetFramingErrorHandler                 text6        000472
_EUSART1_SetOverrunErrorHandler                 text5        000470
_EUSART1_Write                                  text17       000452
_Erase_Flash                                    text15       00011E
_Get_Version_Data                               text14       00025E
_INTCON2bits                                    (abs)        000FF1
_LATA                                           (abs)        000F89
_LATAbits                                       (abs)        000F89
_LATB                                           (abs)        000F8A
_LATC                                           (abs)        000F8B
_LATD                                           (abs)        000F8C
_LATE                                           (abs)        000F8D
_OSCCON                                         (abs)        000FD3
_OSCCON2                                        (abs)        000FD2
_OSCILLATOR_Initialize                          text3        000446
_OSCTUNE                                        (abs)        000F9B
_PIN_MANAGER_Initialize                         text2        00037E
_PIR1bits                                       (abs)        000F9E
_ProcessBootBuffer                              text10       000194
_RCREG1                                         (abs)        000FAE
_RCSTA1                                         (abs)        000FAB
_RCSTA1bits                                     (abs)        000FAB
_Read_Config                                    text13       0002B0
_Run_Bootloader                                 text9        000020
_SPBRG1                                         (abs)        000FAF
_SPBRGH1                                        (abs)        000FB0
_STKPTR                                         (abs)        000FFC
_SYSTEM_Initialize                              text1        000426
_StartWrite                                     text16       000436
_TABLAT                                         (abs)        000FF5
_TBLPTR                                         (abs)        000FF6
_TBLPTRH                                        (abs)        000FF7
_TBLPTRL                                        (abs)        000FF6
_TBLPTRU                                        (abs)        000FF8
_TRISA                                          (abs)        000F92
_TRISB                                          (abs)        000F93
_TRISC                                          (abs)        000F94
_TRISD                                          (abs)        000F95
_TRISE                                          (abs)        000F96
_TXREG1                                         (abs)        000FAD
_TXSTA1                                         (abs)        000FAC
_TXSTA1bits                                     (abs)        000FAC
_WPUB                                           (abs)        000F61
_Write_Config                                   text12       0001FE
_Write_Flash                                    text11       0000A2
__CFG_BOREN$SBORDIS                             (abs)        000000
__CFG_BORV$190                                  (abs)        000000
__CFG_CCP2MX$PORTC1                             (abs)        000000
__CFG_CCP3MX$PORTB5                             (abs)        000000
__CFG_CP0$OFF                                   (abs)        000000
__CFG_CP1$OFF                                   (abs)        000000
__CFG_CP2$OFF                                   (abs)        000000
__CFG_CP3$OFF                                   (abs)        000000
__CFG_CPB$OFF                                   (abs)        000000
__CFG_CPD$OFF                                   (abs)        000000
__CFG_DEBUG$OFF                                 (abs)        000000
__CFG_EBTR0$OFF                                 (abs)        000000
__CFG_EBTR1$OFF                                 (abs)        000000
__CFG_EBTR2$OFF                                 (abs)        000000
__CFG_EBTR3$OFF                                 (abs)        000000
__CFG_EBTRB$OFF                                 (abs)        000000
__CFG_FCMEN$OFF                                 (abs)        000000
__CFG_FOSC$INTIO67                              (abs)        000000
__CFG_HFOFST$ON                                 (abs)        000000
__CFG_IESO$OFF                                  (abs)        000000
__CFG_LVP$ON                                    (abs)        000000
__CFG_MCLRE$EXTMCLR                             (abs)        000000
__CFG_P2BMX$PORTD2                              (abs)        000000
__CFG_PBADEN$ON                                 (abs)        000000
__CFG_PLLCFG$OFF                                (abs)        000000
__CFG_PRICLKEN$ON                               (abs)        000000
__CFG_PWRTEN$OFF                                (abs)        000000
__CFG_STVREN$ON                                 (abs)        000000
__CFG_T3CMX$PORTC0                              (abs)        000000
__CFG_WDTEN$OFF                                 (abs)        000000
__CFG_WDTPS$32768                               (abs)        000000
__CFG_WRT0$OFF                                  (abs)        000000
__CFG_WRT1$OFF                                  (abs)        000000
__CFG_WRT2$OFF                                  (abs)        000000
__CFG_WRT3$OFF                                  (abs)        000000
__CFG_WRTB$OFF                                  (abs)        000000
__CFG_WRTC$OFF                                  (abs)        000000
__CFG_WRTD$OFF                                  (abs)        000000
__CFG_XINST$OFF                                 (abs)        000000
__HRAM                                          (abs)        000000
__Habs1                                         abs1         000000
__Hbank0                                        bank0        000000
__Hbank1                                        bank1        000000
__Hbank2                                        bank2        000000
__Hbank3                                        bank3        000000
__Hbank4                                        bank4        000000
__Hbank5                                        bank5        000000
__Hbigbss                                       bigbss       000000
__Hbigdata                                      bigdata      000000
__Hbigram                                       bigram       000000
__Hbss                                          bss          000000
__HbssCOMRAM                                    bssCOMRAM    000000
__Hcinit                                        cinit        000000
__Hclrtext                                      clrtext      000000
__Hcomram                                       comram       000000
__Hconfig                                       config       30000E
__Hconst                                        const        000000
__HcstackCOMRAM                                 cstackCOMRAM 000000
__Hdata                                         data         000000
__Heeprom_data                                  eeprom_data  000000
__Hfarbss                                       farbss       000000
__Hfardata                                      fardata      000000
__Hibigdata                                     ibigdata     000000
__Hidata                                        idata        000000
__Hidloc                                        idloc        200008
__Hifardata                                     ifardata     000000
__Hinit                                         init         000020
__Hintcode                                      intcode      00000C
__Hintcode_body                                 intcode_body 000000
__Hintcodelo                                    intcodelo    00001C
__Hintentry                                     intentry     000000
__Hintret                                       intret       000000
__Hintsave_regs                                 intsave_regs 000000
__Hirdata                                       irdata       000000
__Hmediumconst                                  mediumconst  000000
__HnvFARRAM                                     nvFARRAM     000000
__Hnvbit                                        nvbit        000000
__Hnvrram                                       nvrram       000000
__Hpa_nodes0                                    pa_nodes0    000000
__Hparam                                        rparam       000000
__Hpowerup                                      powerup      00001C
__Hram                                          ram          000000
__Hramtop                                       ramtop       000600
__Hrbit                                         rbit         000000
__Hrbss                                         rbss         000000
__Hrdata                                        rdata        000000
__Hreset_vec                                    reset_vec    000004
__Hrparam                                       rparam       000000
__Hsfr                                          sfr          000000
__Hsmallconst                                   smallconst   000000
__Hspace_0                                      (abs)        30000E
__Hspace_1                                      (abs)        00005B
__Hspace_2                                      (abs)        000000
__Hstack                                        stack        000000
__Hstruct                                       struct       000000
__Htemp                                         temp         000000
__Htext                                         text         000000
__Htext0                                        text0        000000
__Htext1                                        text1        000000
__Htext10                                       text10       000000
__Htext11                                       text11       000000
__Htext12                                       text12       000000
__Htext13                                       text13       000000
__Htext14                                       text14       000000
__Htext15                                       text15       000000
__Htext16                                       text16       000000
__Htext17                                       text17       000000
__Htext18                                       text18       000000
__Htext19                                       text19       000000
__Htext2                                        text2        000000
__Htext20                                       text20       000000
__Htext21                                       text21       000000
__Htext3                                        text3        000000
__Htext4                                        text4        000000
__Htext5                                        text5        000000
__Htext6                                        text6        000000
__Htext7                                        text7        000000
__Htext8                                        text8        000000
__Htext9                                        text9        000000
__LRAM                                          (abs)        000001
__Labs1                                         abs1         000000
__Lbank0                                        bank0        000000
__Lbank1                                        bank1        000000
__Lbank2                                        bank2        000000
__Lbank3                                        bank3        000000
__Lbank4                                        bank4        000000
__Lbank5                                        bank5        000000
__Lbigbss                                       bigbss       000000
__Lbigdata                                      bigdata      000000
__Lbigram                                       bigram       000000
__Lbss                                          bss          000000
__LbssCOMRAM                                    bssCOMRAM    000000
__Lcinit                                        cinit        000000
__Lclrtext                                      clrtext      000000
__Lcomram                                       comram       000000
__Lconfig                                       config       300000
__Lconst                                        const        000000
__LcstackCOMRAM                                 cstackCOMRAM 000000
__Ldata                                         data         000000
__Leeprom_data                                  eeprom_data  000000
__Lfarbss                                       farbss       000000
__Lfardata                                      fardata      000000
__Libigdata                                     ibigdata     000000
__Lidata                                        idata        000000
__Lidloc                                        idloc        200000
__Lifardata                                     ifardata     000000
__Linit                                         init         00001C
__Lintcode                                      intcode      000008
__Lintcode_body                                 intcode_body 000000
__Lintcodelo                                    intcodelo    000018
__Lintentry                                     intentry     000000
__Lintret                                       intret       000000
__Lintsave_regs                                 intsave_regs 000000
__Lirdata                                       irdata       000000
__Lmediumconst                                  mediumconst  000000
__LnvFARRAM                                     nvFARRAM     000000
__Lnvbit                                        nvbit        000000
__Lnvrram                                       nvrram       000000
__Lpa_nodes0                                    pa_nodes0    000000
__Lparam                                        rparam       000000
__Lpowerup                                      powerup      00001C
__Lram                                          ram          000000
__Lramtop                                       ramtop       000600
__Lrbit                                         rbit         000000
__Lrbss                                         rbss         000000
__Lrdata                                        rdata        000000
__Lreset_vec                                    reset_vec    000000
__Lrparam                                       rparam       000000
__Lsfr                                          sfr          000000
__Lsmallconst                                   smallconst   000000
__Lspace_0                                      (abs)        000000
__Lspace_1                                      (abs)        000000
__Lspace_2                                      (abs)        000000
__Lstack                                        stack        000000
__Lstruct                                       struct       000000
__Ltemp                                         temp         000000
__Ltext                                         text         000000
__Ltext0                                        text0        000000
__Ltext1                                        text1        000000
__Ltext10                                       text10       000000
__Ltext11                                       text11       000000
__Ltext12                                       text12       000000
__Ltext13                                       text13       000000
__Ltext14                                       text14       000000
__Ltext15                                       text15       000000
__Ltext16                                       text16       000000
__Ltext17                                       text17       000000
__Ltext18                                       text18       000000
__Ltext19                                       text19       000000
__Ltext2                                        text2        000000
__Ltext20                                       text20       000000
__Ltext21                                       text21       000000
__Ltext3                                        text3        000000
__Ltext4                                        text4        000000
__Ltext5                                        text5        000000
__Ltext6                                        text6        000000
__Ltext7                                        text7        000000
__Ltext8                                        text8        000000
__Ltext9                                        text9        000000
__S0                                            (abs)        30000E
__S1                                            (abs)        00005B
__S2                                            (abs)        000000
___inthi_sp                                     stack        000000
___intlo_sp                                     stack        000000
___param_bank                                   (abs)        000000
___rparam_used                                  (abs)        000001
___sp                                           stack        000000
__accesstop                                     (abs)        000060
__activetblptr                                  (abs)        000002
__end_ofPL10                                    text12       00025E
__end_ofPL12                                    text15       00018A
__end_ofPL14                                    text15       000194
__end_ofPL16                                    text9        0000A2
__end_ofPL2                                     text15       000184
__end_ofPL4                                     text13       0002F0
__end_ofPL6                                     text12       000254
__end_ofPL8                                     text13       0002FC
__end_of_BOOTLOADER_Initialize                  text8        0003FE
__end_of_Bootload_Required                      text20       00037E
__end_of_Calc_Checksum                          text21       000342
__end_of_Check_Device_Reset                     text19       00046A
__end_of_EUSART1_Initialize                     text4        0003E6
__end_of_EUSART1_Read                           text18       000426
__end_of_EUSART1_SetErrorHandler                text7        000476
__end_of_EUSART1_SetFramingErrorHandler         text6        000474
__end_of_EUSART1_SetOverrunErrorHandler         text5        000472
__end_of_EUSART1_Write                          text17       00045E
__end_of_Erase_Flash                            text15       000176
__end_of_Get_Version_Data                       text14       0002B0
__end_of_OSCILLATOR_Initialize                  text3        000452
__end_of_PIN_MANAGER_Initialize                 text2        0003B2
__end_of_ProcessBootBuffer                      text10       0001FE
__end_of_Read_Config                            text13       0002E6
__end_of_Run_Bootloader                         text9        000098
__end_of_SYSTEM_Initialize                      text1        000436
__end_of_StartWrite                             text16       000446
__end_of_Write_Config                           text12       000248
__end_of_Write_Flash                            text11       00011E
__end_of__initialization                        cinit        00040A
__end_of_main                                   text0        000470
__initialization                                cinit        0003FE
__pbssCOMRAM                                    bssCOMRAM    000002
__pcinit                                        cinit        0003FE
__pcstackCOMRAM                                 cstackCOMRAM 00004F
__ptext0                                        text0        00046A
__ptext1                                        text1        000426
__ptext10                                       text10       000194
__ptext11                                       text11       0000A2
__ptext12                                       text12       0001FE
__ptext13                                       text13       0002B0
__ptext14                                       text14       00025E
__ptext15                                       text15       00011E
__ptext16                                       text16       000436
__ptext17                                       text17       000452
__ptext18                                       text18       000414
__ptext19                                       text19       00045E
__ptext2                                        text2        00037E
__ptext20                                       text20       000342
__ptext21                                       text21       0002FC
__ptext3                                        text3        000446
__ptext4                                        text4        0003B2
__ptext5                                        text5        000470
__ptext6                                        text6        000472
__ptext7                                        text7        000474
__ptext8                                        text8        0003E6
__ptext9                                        text9        000020
__ramtop                                        ramtop       000600
__size_of_BOOTLOADER_Initialize                 (abs)        000000
__size_of_Bootload_Required                     (abs)        000000
__size_of_Calc_Checksum                         (abs)        000000
__size_of_Check_Device_Reset                    (abs)        000000
__size_of_EUSART1_Initialize                    (abs)        000000
__size_of_EUSART1_Read                          (abs)        000000
__size_of_EUSART1_SetErrorHandler               (abs)        000000
__size_of_EUSART1_SetFramingErrorHandler        (abs)        000000
__size_of_EUSART1_SetOverrunErrorHandler        (abs)        000000
__size_of_EUSART1_Write                         (abs)        000000
__size_of_Erase_Flash                           (abs)        000000
__size_of_Get_Version_Data                      (abs)        000000
__size_of_OSCILLATOR_Initialize                 (abs)        000000
__size_of_PIN_MANAGER_Initialize                (abs)        000000
__size_of_ProcessBootBuffer                     (abs)        000000
__size_of_Read_Config                           (abs)        000000
__size_of_Run_Bootloader                        (abs)        000000
__size_of_SYSTEM_Initialize                     (abs)        000000
__size_of_StartWrite                            (abs)        000000
__size_of_Write_Config                          (abs)        000000
__size_of_Write_Flash                           (abs)        000000
__size_of_main                                  (abs)        000000
_check_sum                                      bssCOMRAM    00004B
_eusart1RxLastError                             bssCOMRAM    00004D
_frame                                          bssCOMRAM    000002
_main                                           text0        00046A
_reset_pending                                  bssCOMRAM    00004E
end_of_initialization                           cinit        00040A
intlevel0                                       text         000000
intlevel1                                       text         000000
intlevel2                                       text         000000
intlevel3                                       text         000000
stackhi                                         (abs)        0005FF
stacklo                                         (abs)        000060
start                                           init         00001C
start_initialization                            cinit        0003FE


FUNCTION INFORMATION:

 *************** function _main *****************
 Defined at:
		line 49 in file "main.c"
 Parameters:    Size  Location     Type
		None
 Auto vars:     Size  Location     Type
		None
 Return value:  Size  Location     Type
                  1    wreg      void 
 Registers used:
		wreg, fsr2l, fsr2h, status,2, status,0, cstack
 Tracked objects:
		On entry : 
		On exit  : 
		Unchanged: 
 Data sizes:     COMRAM   BANK0   BANK1   BANK2   BANK3   BANK4   BANK5
      Params:         0       0       0       0       0       0       0
      Locals:         0       0       0       0       0       0       0
      Temps:          0       0       0       0       0       0       0
      Totals:         0       0       0       0       0       0       0
Total ram usage:        0 bytes
 Hardware stack levels required when called:    6
 This function calls:
		_SYSTEM_Initialize
 This function is called by:
		Startup code after reset
 This function uses a non-reentrant model


 *************** function _SYSTEM_Initialize *****************
 Defined at:
		line 50 in file "mcc_generated_files/mcc.c"
 Parameters:    Size  Location     Type
		None
 Auto vars:     Size  Location     Type
		None
 Return value:  Size  Location     Type
                  1    wreg      void 
 Registers used:
		wreg, fsr2l, fsr2h, status,2, status,0, cstack
 Tracked objects:
		On entry : 
		On exit  : 
		Unchanged: 
 Data sizes:     COMRAM   BANK0   BANK1   BANK2   BANK3   BANK4   BANK5
      Params:         0       0       0       0       0       0       0
      Locals:         0       0       0       0       0       0       0
      Temps:          0       0       0       0       0       0       0
      Totals:         0       0       0       0       0       0       0
Total ram usage:        0 bytes
 Hardware stack levels used:    1
 Hardware stack levels required when called:    5
 This function calls:
		_BOOTLOADER_Initialize
		_EUSART1_Initialize
		_OSCILLATOR_Initialize
		_PIN_MANAGER_Initialize
 This function is called by:
		_main
 This function uses a non-reentrant model


 *************** function _PIN_MANAGER_Initialize *****************
 Defined at:
		line 55 in file "mcc_generated_files/pin_manager.c"
 Parameters:    Size  Location     Type
		None
 Auto vars:     Size  Location     Type
		None
 Return value:  Size  Location     Type
                  1    wreg      void 
 Registers used:
		wreg, status,2
 Tracked objects:
		On entry : 
		On exit  : 
		Unchanged: 
 Data sizes:     COMRAM   BANK0   BANK1   BANK2   BANK3   BANK4   BANK5
      Params:         0       0       0       0       0       0       0
      Locals:         0       0       0       0       0       0       0
      Temps:          0       0       0       0       0       0       0
      Totals:         0       0       0       0       0       0       0
Total ram usage:        0 bytes
 Hardware stack levels used:    1
 This function calls:
		Nothing
 This function is called by:
		_SYSTEM_Initialize
 This function uses a non-reentrant model


 *************** function _OSCILLATOR_Initialize *****************
 Defined at:
		line 59 in file "mcc_generated_files/mcc.c"
 Parameters:    Size  Location     Type
		None
 Auto vars:     Size  Location     Type
		None
 Return value:  Size  Location     Type
                  1    wreg      void 
 Registers used:
		wreg, status,2
 Tracked objects:
		On entry : 
		On exit  : 
		Unchanged: 
 Data sizes:     COMRAM   BANK0   BANK1   BANK2   BANK3   BANK4   BANK5
      Params:         0       0       0       0       0       0       0
      Locals:         0       0       0       0       0       0       0
      Temps:          0       0       0       0       0       0       0
      Totals:         0       0       0       0       0       0       0
Total ram usage:        0 bytes
 Hardware stack levels used:    1
 This function calls:
		Nothing
 This function is called by:
		_SYSTEM_Initialize
 This function uses a non-reentrant model


 *************** function _EUSART1_Initialize *****************
 Defined at:
		line 66 in file "mcc_generated_files/eusart1.c"
 Parameters:    Size  Location     Type
		None
 Auto vars:     Size  Location     Type
		None
 Return value:  Size  Location     Type
                  1    wreg      void 
 Registers used:
		wreg, status,2, status,0, cstack
 Tracked objects:
		On entry : 
		On exit  : 
		Unchanged: 
 Data sizes:     COMRAM   BANK0   BANK1   BANK2   BANK3   BANK4   BANK5
      Params:         0       0       0       0       0       0       0
      Locals:         0       0       0       0       0       0       0
      Temps:          0       0       0       0       0       0       0
      Totals:         0       0       0       0       0       0       0
Total ram usage:        0 bytes
 Hardware stack levels used:    1
 Hardware stack levels required when called:    1
 This function calls:
		_EUSART1_SetErrorHandler
		_EUSART1_SetFramingErrorHandler
		_EUSART1_SetOverrunErrorHandler
 This function is called by:
		_SYSTEM_Initialize
 This function uses a non-reentrant model


 *************** function _EUSART1_SetOverrunErrorHandler *****************
 Defined at:
		line 161 in file "mcc_generated_files/eusart1.c"
 Parameters:    Size  Location     Type
  interruptHan    2    0[COMRAM] PTR FTN()void 
		 -> EUSART1_DefaultOverrunErrorHandler(1), 
 Auto vars:     Size  Location     Type
		None
 Return value:  Size  Location     Type
                  1    wreg      void 
 Registers used:
		None
 Tracked objects:
		On entry : 
		On exit  : 
		Unchanged: 
 Data sizes:     COMRAM   BANK0   BANK1   BANK2   BANK3   BANK4   BANK5
      Params:         2       0       0       0       0       0       0
      Locals:         0       0       0       0       0       0       0
      Temps:          0       0       0       0       0       0       0
      Totals:         2       0       0       0       0       0       0
Total ram usage:        2 bytes
 Hardware stack levels used:    1
 This function calls:
		Nothing
 This function is called by:
		_EUSART1_Initialize
 This function uses a non-reentrant model


 *************** function _EUSART1_SetFramingErrorHandler *****************
 Defined at:
		line 157 in file "mcc_generated_files/eusart1.c"
 Parameters:    Size  Location     Type
  interruptHan    2    0[COMRAM] PTR FTN()void 
		 -> EUSART1_DefaultFramingErrorHandler(1), 
 Auto vars:     Size  Location     Type
		None
 Return value:  Size  Location     Type
                  1    wreg      void 
 Registers used:
		None
 Tracked objects:
		On entry : 
		On exit  : 
		Unchanged: 
 Data sizes:     COMRAM   BANK0   BANK1   BANK2   BANK3   BANK4   BANK5
      Params:         2       0       0       0       0       0       0
      Locals:         0       0       0       0       0       0       0
      Temps:          0       0       0       0       0       0       0
      Totals:         2       0       0       0       0       0       0
Total ram usage:        2 bytes
 Hardware stack levels used:    1
 This function calls:
		Nothing
 This function is called by:
		_EUSART1_Initialize
 This function uses a non-reentrant model


 *************** function _EUSART1_SetErrorHandler *****************
 Defined at:
		line 165 in file "mcc_generated_files/eusart1.c"
 Parameters:    Size  Location     Type
  interruptHan    2    0[COMRAM] PTR FTN()void 
		 -> EUSART1_DefaultErrorHandler(1), 
 Auto vars:     Size  Location     Type
		None
 Return value:  Size  Location     Type
                  1    wreg      void 
 Registers used:
		None
 Tracked objects:
		On entry : 
		On exit  : 
		Unchanged: 
 Data sizes:     COMRAM   BANK0   BANK1   BANK2   BANK3   BANK4   BANK5
      Params:         2       0       0       0       0       0       0
      Locals:         0       0       0       0       0       0       0
      Temps:          0       0       0       0       0       0       0
      Totals:         2       0       0       0       0       0       0
Total ram usage:        2 bytes
 Hardware stack levels used:    1
 This function calls:
		Nothing
 This function is called by:
		_EUSART1_Initialize
 This function uses a non-reentrant model


 *************** function _BOOTLOADER_Initialize *****************
 Defined at:
		line 135 in file "mcc_generated_files/pic18f_bootload.c"
 Parameters:    Size  Location     Type
		None
 Auto vars:     Size  Location     Type
		None
 Return value:  Size  Location     Type
                  1    wreg      void 
 Registers used:
		wreg, fsr2l, fsr2h, status,2, status,0, cstack
 Tracked objects:
		On entry : 
		On exit  : 
		Unchanged: 
 Data sizes:     COMRAM   BANK0   BANK1   BANK2   BANK3   BANK4   BANK5
      Params:         0       0       0       0       0       0       0
      Locals:         0       0       0       0       0       0       0
      Temps:          0       0       0       0       0       0       0
      Totals:         0       0       0       0       0       0       0
Total ram usage:        0 bytes
 Hardware stack levels used:    1
 Hardware stack levels required when called:    4
 This function calls:
		_Bootload_Required
		_Run_Bootloader
 This function is called by:
		_SYSTEM_Initialize
 This function uses a non-reentrant model


 *************** function _Run_Bootloader *****************
 Defined at:
		line 59 in file "mcc_generated_files/pic18f_uart.c"
 Parameters:    Size  Location     Type
		None
 Auto vars:     Size  Location     Type
  ch              1    9[COMRAM] unsigned char 
  index           1   11[COMRAM] volatile unsigned char 
  msg_length      1   10[COMRAM] unsigned char 
 Return value:  Size  Location     Type
                  1    wreg      void 
 Registers used:
		wreg, fsr2l, fsr2h, status,2, status,0, cstack
 Tracked objects:
		On entry : 
		On exit  : 
		Unchanged: 
 Data sizes:     COMRAM   BANK0   BANK1   BANK2   BANK3   BANK4   BANK5
      Params:         0       0       0       0       0       0       0
      Locals:         3       0       0       0       0       0       0
      Temps:          0       0       0       0       0       0       0
      Totals:         3       0       0       0       0       0       0
Total ram usage:        3 bytes
 Hardware stack levels used:    1
 Hardware stack levels required when called:    3
 This function calls:
		_Check_Device_Reset
		_EUSART1_Read
		_EUSART1_Write
		_ProcessBootBuffer
 This function is called by:
		_BOOTLOADER_Initialize
 This function uses a non-reentrant model


 *************** function _ProcessBootBuffer *****************
 Defined at:
		line 178 in file "mcc_generated_files/pic18f_bootload.c"
 Parameters:    Size  Location     Type
		None
 Auto vars:     Size  Location     Type
  len             1    8[COMRAM] unsigned char 
 Return value:  Size  Location     Type
                  1    wreg      unsigned char 
 Registers used:
		wreg, fsr2l, fsr2h, status,2, status,0, cstack
 Tracked objects:
		On entry : 
		On exit  : 
		Unchanged: 
 Data sizes:     COMRAM   BANK0   BANK1   BANK2   BANK3   BANK4   BANK5
      Params:         0       0       0       0       0       0       0
      Locals:         1       0       0       0       0       0       0
      Temps:          2       0       0       0       0       0       0
      Totals:         3       0       0       0       0       0       0
Total ram usage:        3 bytes
 Hardware stack levels used:    1
 Hardware stack levels required when called:    2
 This function calls:
		_Calc_Checksum
		_Erase_Flash
		_Get_Version_Data
		_Read_Config
		_Write_Config
		_Write_Flash
 This function is called by:
		_Run_Bootloader
 This function uses a non-reentrant model


 *************** function _Write_Flash *****************
 Defined at:
		line 266 in file "mcc_generated_files/pic18f_bootload.c"
 Parameters:    Size  Location     Type
		None
 Auto vars:     Size  Location     Type
  i               2    4[COMRAM] unsigned short 
 Return value:  Size  Location     Type
                  1    wreg      unsigned char 
 Registers used:
		wreg, fsr2l, fsr2h, status,2, status,0, cstack
 Tracked objects:
		On entry : 
		On exit  : 
		Unchanged: 
 Data sizes:     COMRAM   BANK0   BANK1   BANK2   BANK3   BANK4   BANK5
      Params:         0       0       0       0       0       0       0
      Locals:         2       0       0       0       0       0       0
      Temps:          4       0       0       0       0       0       0
      Totals:         6       0       0       0       0       0       0
Total ram usage:        6 bytes
 Hardware stack levels used:    1
 Hardware stack levels required when called:    1
 This function calls:
		_StartWrite
 This function is called by:
		_ProcessBootBuffer
 This function uses a non-reentrant model


 *************** function _Write_Config *****************
 Defined at:
		line 366 in file "mcc_generated_files/pic18f_bootload.c"
 Parameters:    Size  Location     Type
		None
 Auto vars:     Size  Location     Type
  i               1    2[COMRAM] unsigned char 
 Return value:  Size  Location     Type
                  1    wreg      unsigned char 
 Registers used:
		wreg, fsr2l, fsr2h, status,2, status,0, cstack
 Tracked objects:
		On entry : 
		On exit  : 
		Unchanged: 
 Data sizes:     COMRAM   BANK0   BANK1   BANK2   BANK3   BANK4   BANK5
      Params:         0       0       0       0       0       0       0
      Locals:         1       0       0       0       0       0       0
      Temps:          2       0       0       0       0       0       0
      Totals:         3       0       0       0       0       0       0
Total ram usage:        3 bytes
 Hardware stack levels used:    1
 Hardware stack levels required when called:    1
 This function calls:
		_StartWrite
 This function is called by:
		_ProcessBootBuffer
 This function uses a non-reentrant model


 *************** function _Read_Config *****************
 Defined at:
		line 341 in file "mcc_generated_files/pic18f_bootload.c"
 Parameters:    Size  Location     Type
		None
 Auto vars:     Size  Location     Type
  i               1    2[COMRAM] unsigned char 
 Return value:  Size  Location     Type
                  1    wreg      unsigned char 
 Registers used:
		wreg, fsr2l, fsr2h, status,2, status,0
 Tracked objects:
		On entry : 
		On exit  : 
		Unchanged: 
 Data sizes:     COMRAM   BANK0   BANK1   BANK2   BANK3   BANK4   BANK5
      Params:         0       0       0       0       0       0       0
      Locals:         1       0       0       0       0       0       0
      Temps:          2       0       0       0       0       0       0
      Totals:         3       0       0       0       0       0       0
Total ram usage:        3 bytes
 Hardware stack levels used:    1
 This function calls:
		Nothing
 This function is called by:
		_ProcessBootBuffer
 This function uses a non-reentrant model


 *************** function _Get_Version_Data *****************
 Defined at:
		line 223 in file "mcc_generated_files/pic18f_bootload.c"
 Parameters:    Size  Location     Type
		None
 Auto vars:     Size  Location     Type
  i               1    0[COMRAM] unsigned char 
 Return value:  Size  Location     Type
                  1    wreg      unsigned char 
 Registers used:
		wreg, fsr2l, fsr2h, status,2, status,0
 Tracked objects:
		On entry : 
		On exit  : 
		Unchanged: 
 Data sizes:     COMRAM   BANK0   BANK1   BANK2   BANK3   BANK4   BANK5
      Params:         0       0       0       0       0       0       0
      Locals:         1       0       0       0       0       0       0
      Temps:          0       0       0       0       0       0       0
      Totals:         1       0       0       0       0       0       0
Total ram usage:        1 bytes
 Hardware stack levels used:    1
 This function calls:
		Nothing
 This function is called by:
		_ProcessBootBuffer
 This function uses a non-reentrant model


 *************** function _Erase_Flash *****************
 Defined at:
		line 307 in file "mcc_generated_files/pic18f_bootload.c"
 Parameters:    Size  Location     Type
		None
 Auto vars:     Size  Location     Type
  i               2    3[COMRAM] unsigned short 
 Return value:  Size  Location     Type
                  1    wreg      unsigned char 
 Registers used:
		wreg, status,2, status,0, cstack
 Tracked objects:
		On entry : 
		On exit  : 
		Unchanged: 
 Data sizes:     COMRAM   BANK0   BANK1   BANK2   BANK3   BANK4   BANK5
      Params:         0       0       0       0       0       0       0
      Locals:         2       0       0       0       0       0       0
      Temps:          3       0       0       0       0       0       0
      Totals:         5       0       0       0       0       0       0
Total ram usage:        5 bytes
 Hardware stack levels used:    1
 Hardware stack levels required when called:    1
 This function calls:
		_StartWrite
 This function is called by:
		_ProcessBootBuffer
 This function uses a non-reentrant model


 *************** function _StartWrite *****************
 Defined at:
		line 438 in file "mcc_generated_files/pic18f_bootload.c"
 Parameters:    Size  Location     Type
		None
 Auto vars:     Size  Location     Type
		None
 Return value:  Size  Location     Type
                  1    wreg      void 
 Registers used:
		None
 Tracked objects:
		On entry : 
		On exit  : 
		Unchanged: 
 Data sizes:     COMRAM   BANK0   BANK1   BANK2   BANK3   BANK4   BANK5
      Params:         0       0       0       0       0       0       0
      Locals:         0       0       0       0       0       0       0
      Temps:          0       0       0       0       0       0       0
      Totals:         0       0       0       0       0       0       0
Total ram usage:        0 bytes
 Hardware stack levels used:    1
 This function calls:
		Nothing
 This function is called by:
		_Write_Flash
		_Erase_Flash
		_Write_Config
 This function uses a non-reentrant model


 *************** function _EUSART1_Write *****************
 Defined at:
		line 132 in file "mcc_generated_files/eusart1.c"
 Parameters:    Size  Location     Type
  txData          1    wreg     unsigned char 
 Auto vars:     Size  Location     Type
  txData          1    0[COMRAM] unsigned char 
 Return value:  Size  Location     Type
                  1    wreg      void 
 Registers used:
		wreg
 Tracked objects:
		On entry : 
		On exit  : 
		Unchanged: 
 Data sizes:     COMRAM   BANK0   BANK1   BANK2   BANK3   BANK4   BANK5
      Params:         0       0       0       0       0       0       0
      Locals:         1       0       0       0       0       0       0
      Temps:          0       0       0       0       0       0       0
      Totals:         1       0       0       0       0       0       0
Total ram usage:        1 bytes
 Hardware stack levels used:    1
 This function calls:
		Nothing
 This function is called by:
		_Run_Bootloader
 This function uses a non-reentrant model


 *************** function _EUSART1_Read *****************
 Defined at:
		line 113 in file "mcc_generated_files/eusart1.c"
 Parameters:    Size  Location     Type
		None
 Auto vars:     Size  Location     Type
		None
 Return value:  Size  Location     Type
                  1    wreg      unsigned char 
 Registers used:
		wreg, status,2
 Tracked objects:
		On entry : 
		On exit  : 
		Unchanged: 
 Data sizes:     COMRAM   BANK0   BANK1   BANK2   BANK3   BANK4   BANK5
      Params:         0       0       0       0       0       0       0
      Locals:         0       0       0       0       0       0       0
      Temps:          0       0       0       0       0       0       0
      Totals:         0       0       0       0       0       0       0
Total ram usage:        0 bytes
 Hardware stack levels used:    1
 This function calls:
		Nothing
 This function is called by:
		_Run_Bootloader
 This function uses a non-reentrant model


 *************** function _Check_Device_Reset *****************
 Defined at:
		line 453 in file "mcc_generated_files/pic18f_bootload.c"
 Parameters:    Size  Location     Type
		None
 Auto vars:     Size  Location     Type
		None
 Return value:  Size  Location     Type
                  1    wreg      void 
 Registers used:
		wreg, status,2, status,0
 Tracked objects:
		On entry : 
		On exit  : 
		Unchanged: 
 Data sizes:     COMRAM   BANK0   BANK1   BANK2   BANK3   BANK4   BANK5
      Params:         0       0       0       0       0       0       0
      Locals:         0       0       0       0       0       0       0
      Temps:          0       0       0       0       0       0       0
      Totals:         0       0       0       0       0       0       0
Total ram usage:        0 bytes
 Hardware stack levels used:    1
 This function calls:
		Nothing
 This function is called by:
		_Run_Bootloader
 This function uses a non-reentrant model


 *************** function _Bootload_Required *****************
 Defined at:
		line 148 in file "mcc_generated_files/pic18f_bootload.c"
 Parameters:    Size  Location     Type
		None
 Auto vars:     Size  Location     Type
  Stored_Check    2    4[COMRAM] unsigned short 
 Return value:  Size  Location     Type
                  1    wreg      _Bool 
 Registers used:
		wreg, status,2, status,0, cstack
 Tracked objects:
		On entry : 
		On exit  : 
		Unchanged: 
 Data sizes:     COMRAM   BANK0   BANK1   BANK2   BANK3   BANK4   BANK5
      Params:         0       0       0       0       0       0       0
      Locals:         2       0       0       0       0       0       0
      Temps:          0       0       0       0       0       0       0
      Totals:         2       0       0       0       0       0       0
Total ram usage:        2 bytes
 Hardware stack levels used:    1
 Hardware stack levels required when called:    1
 This function calls:
		_Calc_Checksum
 This function is called by:
		_BOOTLOADER_Initialize
 This function uses a non-reentrant model


 *************** function _Calc_Checksum *****************
 Defined at:
		line 401 in file "mcc_generated_files/pic18f_bootload.c"
 Parameters:    Size  Location     Type
		None
 Auto vars:     Size  Location     Type
  i               2    2[COMRAM] unsigned short 
  length          2    0[COMRAM] unsigned short 
 Return value:  Size  Location     Type
                  1    wreg      unsigned char 
 Registers used:
		wreg, status,2, status,0
 Tracked objects:
		On entry : 
		On exit  : 
		Unchanged: 
 Data sizes:     COMRAM   BANK0   BANK1   BANK2   BANK3   BANK4   BANK5
      Params:         0       0       0       0       0       0       0
      Locals:         4       0       0       0       0       0       0
      Temps:          0       0       0       0       0       0       0
      Totals:         4       0       0       0       0       0       0
Total ram usage:        4 bytes
 Hardware stack levels used:    1
 This function calls:
		Nothing
 This function is called by:
		_Bootload_Required
		_ProcessBootBuffer
 This function uses a non-reentrant model



MODULE INFORMATION

Module		Function		Class		Link	Load	Size
mcc_generated_files/pin_manager.c
		_PIN_MANAGER_Initialize		CODE           	037E	0000	53

mcc_generated_files/pin_manager.c estimated size: 53

mcc_generated_files/pic18f_uart.c
		_Run_Bootloader		CODE           	0020	0000	121

mcc_generated_files/pic18f_uart.c estimated size: 121

shared
		PL12           		CODE           	0184	0000	7
		PL8            		CODE           	02F0	0000	13
		PL14           		CODE           	018A	0000	11
		PL16           		CODE           	0098	0000	11
		__initialization		CODE           	03FE	0000	13
		PL2            		CODE           	0176	0000	15
		PL10           		CODE           	0254	0000	11
		PL4            		CODE           	02E6	0000	11
		PL6            		CODE           	0248	0000	13

shared estimated size: 105

mcc_generated_files/eusart1.c
		_EUSART1_Initialize		CODE           	03B2	0000	53
		_EUSART1_SetFramingErrorHandler		CODE           	0472	0000	3
		_EUSART1_Read  		CODE           	0414	0000	19
		_EUSART1_SetOverrunErrorHandler		CODE           	0470	0000	3
		_EUSART1_SetErrorHandler		CODE           	0474	0000	3
		_EUSART1_Write 		CODE           	0452	0000	13

mcc_generated_files/eusart1.c estimated size: 94

mcc_generated_files/mcc.c
		_OSCILLATOR_Initialize		CODE           	0446	0000	13
		_SYSTEM_Initialize		CODE           	0426	0000	17

mcc_generated_files/mcc.c estimated size: 30

mcc_generated_files/pic18f_bootload.c
		_ProcessBootBuffer		CODE           	0194	0000	107
		_Calc_Checksum 		CODE           	02FC	0000	71
		_Write_Config  		CODE           	01FE	0000	75
		_Write_Flash   		CODE           	00A2	0000	125
		_Get_Version_Data		CODE           	025E	0000	83
		_Check_Device_Reset		CODE           	045E	0000	13
		_Erase_Flash   		CODE           	011E	0000	89
		_Bootload_Required		CODE           	0342	0000	61
		_Read_Config   		CODE           	02B0	0000	55
		_StartWrite    		CODE           	0436	0000	17
		_BOOTLOADER_Initialize		CODE           	03E6	0000	25

mcc_generated_files/pic18f_bootload.c estimated size: 721

main.c
		_main          		CODE           	046A	0000	7

main.c estimated size: 7

